[32m2026-10-03 12:57:54 +0300[0m - dagster - [34mDEBUG[0m - __ASSET_JOB - 9fedd51a-0bbe-46ee-b889-d1db4034e9f3 - 295361 - LOGS_CAPTURED - Capturing logs for process (pid: 295361).
[32m2026-10-03 12:57:54 +0300[0m - dagster - [34mDEBUG[0m - __ASSET_JOB - 9fedd51a-0bbe-46ee-b889-d1db4034e9f3 - 295361 - energy_dbt_assets - STEP_START - Started execution of step "energy_dbt_assets".
[32m2026-10-03 12:57:55 +0300[0m - dagster - [34mINFO[0m - __ASSET_JOB - 9fedd51a-0bbe-46ee-b889-d1db4034e9f3 - energy_dbt_assets - A dbt subsetted execution is not being performed. Using the default dbt selection arguments `['--select', 'fqn:*']`.
[32m2026-10-03 12:58:00 +0300[0m - dagster - [34mINFO[0m - __ASSET_JOB - 9fedd51a-0bbe-46ee-b889-d1db4034e9f3 - energy_dbt_assets - Copying `/home/maya/github/Finnish-energy-pipeline/energy_dbt/target/partial_parse.msgpack` to `/home/maya/github/Finnish-energy-pipeline/energy_dbt/target/energy_dbt_assets-9fedd51-8042165/partial_parse.msgpack` to take advantage of partial parsing.
[32m2026-10-03 12:58:00 +0300[0m - dagster - [34mINFO[0m - __ASSET_JOB - 9fedd51a-0bbe-46ee-b889-d1db4034e9f3 - energy_dbt_assets - Running dbt command: `dbt build --select fqn:*`.
[32m2026-10-03 12:58:07 +0300[0m - dagster - [34mDEBUG[0m - __ASSET_JOB - 9fedd51a-0bbe-46ee-b889-d1db4034e9f3 - 295361 - energy_dbt_assets - STEP_OUTPUT - Yielded output "stg_consumption" of type "Nothing". (Type check passed).
[32m2026-10-03 12:58:08 +0300[0m - dagster - [34mDEBUG[0m - __ASSET_JOB - 9fedd51a-0bbe-46ee-b889-d1db4034e9f3 - 295361 - energy_dbt_assets - ASSET_MATERIALIZATION - Materialized value stg_consumption.
[32m2026-10-03 12:58:08 +0300[0m - dagster - [34mDEBUG[0m - __ASSET_JOB - 9fedd51a-0bbe-46ee-b889-d1db4034e9f3 - 295361 - energy_dbt_assets - STEP_OUTPUT - Yielded output "stg_prices" of type "Nothing". (Type check passed).
[32m2026-10-03 12:58:08 +0300[0m - dagster - [34mDEBUG[0m - __ASSET_JOB - 9fedd51a-0bbe-46ee-b889-d1db4034e9f3 - 295361 - energy_dbt_assets - ASSET_MATERIALIZATION - Materialized value stg_prices.
[32m2026-10-03 12:58:08 +0300[0m - dagster - [34mDEBUG[0m - __ASSET_JOB - 9fedd51a-0bbe-46ee-b889-d1db4034e9f3 - 295361 - energy_dbt_assets - STEP_OUTPUT - Yielded output "stg_weather" of type "Nothing". (Type check passed).
[32m2026-10-03 12:58:08 +0300[0m - dagster - [34mDEBUG[0m - __ASSET_JOB - 9fedd51a-0bbe-46ee-b889-d1db4034e9f3 - 295361 - energy_dbt_assets - ASSET_MATERIALIZATION - Materialized value stg_weather.
[32m2026-10-03 12:58:08 +0300[0m - dagster - [34mDEBUG[0m - __ASSET_JOB - 9fedd51a-0bbe-46ee-b889-d1db4034e9f3 - 295361 - energy_dbt_assets - STEP_OUTPUT - Yielded output "known_source_gaps" of type "Nothing". (Type check passed).
[32m2026-10-03 12:58:08 +0300[0m - dagster - [34mDEBUG[0m - __ASSET_JOB - 9fedd51a-0bbe-46ee-b889-d1db4034e9f3 - 295361 - energy_dbt_assets - ASSET_MATERIALIZATION - Materialized value known_source_gaps.
[32m2026-10-03 12:58:08 +0300[0m - dagster - [34mDEBUG[0m - __ASSET_JOB - 9fedd51a-0bbe-46ee-b889-d1db4034e9f3 - 295361 - energy_dbt_assets - STEP_OUTPUT - Yielded output "stg_consumption_not_null_stg_consumption_consumption_mw" of type "Any". (Type check passed).
[32m2026-10-03 12:58:08 +0300[0m - dagster - [34mDEBUG[0m - __ASSET_JOB - 9fedd51a-0bbe-46ee-b889-d1db4034e9f3 - 295361 - energy_dbt_assets - ASSET_CHECK_EVALUATION - Asset check 'not_null_stg_consumption_consumption_mw' on 'stg_consumption' passed.
[32m2026-10-03 12:58:08 +0300[0m - dagster - [34mDEBUG[0m - __ASSET_JOB - 9fedd51a-0bbe-46ee-b889-d1db4034e9f3 - 295361 - energy_dbt_assets - STEP_OUTPUT - Yielded output "stg_consumption_not_null_stg_consumption_time" of type "Any". (Type check passed).
[32m2026-10-03 12:58:09 +0300[0m - dagster - [34mDEBUG[0m - __ASSET_JOB - 9fedd51a-0bbe-46ee-b889-d1db4034e9f3 - 295361 - energy_dbt_assets - ASSET_CHECK_EVALUATION - Asset check 'not_null_stg_consumption_time' on 'stg_consumption' passed.
[32m2026-10-03 12:58:09 +0300[0m - dagster - [34mDEBUG[0m - __ASSET_JOB - 9fedd51a-0bbe-46ee-b889-d1db4034e9f3 - 295361 - energy_dbt_assets - STEP_OUTPUT - Yielded output "stg_consumption_unique_stg_consumption_time" of type "Any". (Type check passed).
[32m2026-10-03 12:58:09 +0300[0m - dagster - [34mDEBUG[0m - __ASSET_JOB - 9fedd51a-0bbe-46ee-b889-d1db4034e9f3 - 295361 - energy_dbt_assets - ASSET_CHECK_EVALUATION - Asset check 'unique_stg_consumption_time' on 'stg_consumption' passed.
[32m2026-10-03 12:58:09 +0300[0m - dagster - [34mDEBUG[0m - __ASSET_JOB - 9fedd51a-0bbe-46ee-b889-d1db4034e9f3 - 295361 - energy_dbt_assets - STEP_OUTPUT - Yielded output "stg_prices_assert_prices_complete_days" of type "Any". (Type check passed).
[32m2026-10-03 12:58:09 +0300[0m - dagster - [34mDEBUG[0m - __ASSET_JOB - 9fedd51a-0bbe-46ee-b889-d1db4034e9f3 - 295361 - energy_dbt_assets - ASSET_CHECK_EVALUATION - Asset check 'assert_prices_complete_days' on 'stg_prices' passed.
[32m2026-10-03 12:58:09 +0300[0m - dagster - [34mDEBUG[0m - __ASSET_JOB - 9fedd51a-0bbe-46ee-b889-d1db4034e9f3 - 295361 - energy_dbt_assets - STEP_OUTPUT - Yielded output "stg_prices_not_null_stg_prices_price_eur_mwh" of type "Any". (Type check passed).
[32m2026-10-03 12:58:09 +0300[0m - dagster - [34mDEBUG[0m - __ASSET_JOB - 9fedd51a-0bbe-46ee-b889-d1db4034e9f3 - 295361 - energy_dbt_assets - ASSET_CHECK_EVALUATION - Asset check 'not_null_stg_prices_price_eur_mwh' on 'stg_prices' passed.
[32m2026-10-03 12:58:09 +0300[0m - dagster - [34mDEBUG[0m - __ASSET_JOB - 9fedd51a-0bbe-46ee-b889-d1db4034e9f3 - 295361 - energy_dbt_assets - STEP_OUTPUT - Yielded output "stg_prices_not_null_stg_prices_time" of type "Any". (Type check passed).
[32m2026-10-03 12:58:09 +0300[0m - dagster - [34mDEBUG[0m - __ASSET_JOB - 9fedd51a-0bbe-46ee-b889-d1db4034e9f3 - 295361 - energy_dbt_assets - ASSET_CHECK_EVALUATION - Asset check 'not_null_stg_prices_time' on 'stg_prices' passed.
[32m2026-10-03 12:58:09 +0300[0m - dagster - [34mDEBUG[0m - __ASSET_JOB - 9fedd51a-0bbe-46ee-b889-d1db4034e9f3 - 295361 - energy_dbt_assets - STEP_OUTPUT - Yielded output "stg_prices_unique_stg_prices_time" of type "Any". (Type check passed).
[32m2026-10-03 12:58:09 +0300[0m - dagster - [34mDEBUG[0m - __ASSET_JOB - 9fedd51a-0bbe-46ee-b889-d1db4034e9f3 - 295361 - energy_dbt_assets - ASSET_CHECK_EVALUATION - Asset check 'unique_stg_prices_time' on 'stg_prices' passed.
[32m2026-10-03 12:58:09 +0300[0m - dagster - [34mDEBUG[0m - __ASSET_JOB - 9fedd51a-0bbe-46ee-b889-d1db4034e9f3 - 295361 - energy_dbt_assets - STEP_OUTPUT - Yielded output "stg_weather_assert_weather_unique_time_station" of type "Any". (Type check passed).
[32m2026-10-03 12:58:09 +0300[0m - dagster - [34mDEBUG[0m - __ASSET_JOB - 9fedd51a-0bbe-46ee-b889-d1db4034e9f3 - 295361 - energy_dbt_assets - ASSET_CHECK_EVALUATION - Asset check 'assert_weather_unique_time_station' on 'stg_weather' passed.
[32m2026-10-03 12:58:09 +0300[0m - dagster - [34mDEBUG[0m - __ASSET_JOB - 9fedd51a-0bbe-46ee-b889-d1db4034e9f3 - 295361 - energy_dbt_assets - STEP_OUTPUT - Yielded output "stg_weather_not_null_stg_weather_temperature_c" of type "Any". (Type check passed).
[32m2026-10-03 12:58:09 +0300[0m - dagster - [34mDEBUG[0m - __ASSET_JOB - 9fedd51a-0bbe-46ee-b889-d1db4034e9f3 - 295361 - energy_dbt_assets - ASSET_CHECK_EVALUATION - Asset check 'not_null_stg_weather_temperature_c' on 'stg_weather' did not pass.
[32m2026-10-03 12:58:09 +0300[0m - dagster - [34mDEBUG[0m - __ASSET_JOB - 9fedd51a-0bbe-46ee-b889-d1db4034e9f3 - 295361 - energy_dbt_assets - STEP_OUTPUT - Yielded output "stg_weather_not_null_stg_weather_time" of type "Any". (Type check passed).
[32m2026-10-03 12:58:09 +0300[0m - dagster - [34mDEBUG[0m - __ASSET_JOB - 9fedd51a-0bbe-46ee-b889-d1db4034e9f3 - 295361 - energy_dbt_assets - ASSET_CHECK_EVALUATION - Asset check 'not_null_stg_weather_time' on 'stg_weather' passed.
[32m2026-10-03 12:58:09 +0300[0m - dagster - [34mDEBUG[0m - __ASSET_JOB - 9fedd51a-0bbe-46ee-b889-d1db4034e9f3 - 295361 - energy_dbt_assets - STEP_OUTPUT - Yielded output "stg_weather_not_null_stg_weather_wind_speed_ms" of type "Any". (Type check passed).
[32m2026-10-03 12:58:09 +0300[0m - dagster - [34mDEBUG[0m - __ASSET_JOB - 9fedd51a-0bbe-46ee-b889-d1db4034e9f3 - 295361 - energy_dbt_assets - ASSET_CHECK_EVALUATION - Asset check 'not_null_stg_weather_wind_speed_ms' on 'stg_weather' did not pass.
[32m2026-10-03 12:58:09 +0300[0m - dagster - [34mWARNING[0m - __ASSET_JOB - 9fedd51a-0bbe-46ee-b889-d1db4034e9f3 - energy_dbt_assets - Logging an `AssetObservation` instead of an `AssetCheckResult` for dbt test `assert_consumption_complete_days`.

`assert_consumption_complete_days` is a singular test with multiple dependencies. Configure an asset key in the test's dbt meta to load it as an asset check.

This test was not included in Dagster's asset check selection, and was likely executed due to dbt indirect selection.
[32m2026-10-03 12:58:09 +0300[0m - dagster - [34mDEBUG[0m - __ASSET_JOB - 9fedd51a-0bbe-46ee-b889-d1db4034e9f3 - 295361 - energy_dbt_assets - ASSET_OBSERVATION - DagsterEventType.ASSET_OBSERVATION for step energy_dbt_assets
[32m2026-10-03 12:58:09 +0300[0m - dagster - [34mDEBUG[0m - __ASSET_JOB - 9fedd51a-0bbe-46ee-b889-d1db4034e9f3 - 295361 - energy_dbt_assets - ASSET_OBSERVATION - DagsterEventType.ASSET_OBSERVATION for step energy_dbt_assets
[32m2026-10-03 12:58:10 +0300[0m - dagster - [34mDEBUG[0m - __ASSET_JOB - 9fedd51a-0bbe-46ee-b889-d1db4034e9f3 - 295361 - energy_dbt_assets - STEP_OUTPUT - Yielded output "fct_hourly_energy" of type "Nothing". (Type check passed).
[32m2026-10-03 12:58:10 +0300[0m - dagster - [34mDEBUG[0m - __ASSET_JOB - 9fedd51a-0bbe-46ee-b889-d1db4034e9f3 - 295361 - energy_dbt_assets - ASSET_MATERIALIZATION - Materialized value fct_hourly_energy.
[32m2026-10-03 12:58:10 +0300[0m - dagster - [34mDEBUG[0m - __ASSET_JOB - 9fedd51a-0bbe-46ee-b889-d1db4034e9f3 - 295361 - energy_dbt_assets - STEP_OUTPUT - Yielded output "fct_hourly_energy_assert_enough_weather_stations" of type "Any". (Type check passed).
[32m2026-10-03 12:58:10 +0300[0m - dagster - [34mDEBUG[0m - __ASSET_JOB - 9fedd51a-0bbe-46ee-b889-d1db4034e9f3 - 295361 - energy_dbt_assets - ASSET_CHECK_EVALUATION - Asset check 'assert_enough_weather_stations' on 'fct_hourly_energy' passed.
[32m2026-10-03 12:58:10 +0300[0m - dagster - [34mDEBUG[0m - __ASSET_JOB - 9fedd51a-0bbe-46ee-b889-d1db4034e9f3 - 295361 - energy_dbt_assets - STEP_OUTPUT - Yielded output "fct_hourly_energy_not_null_fct_hourly_energy_avg_consumption_mw" of type "Any". (Type check passed).
[32m2026-10-03 12:58:10 +0300[0m - dagster - [34mDEBUG[0m - __ASSET_JOB - 9fedd51a-0bbe-46ee-b889-d1db4034e9f3 - 295361 - energy_dbt_assets - ASSET_CHECK_EVALUATION - Asset check 'not_null_fct_hourly_energy_avg_consumption_mw' on 'fct_hourly_energy' passed.
[32m2026-10-03 12:58:10 +0300[0m - dagster - [34mDEBUG[0m - __ASSET_JOB - 9fedd51a-0bbe-46ee-b889-d1db4034e9f3 - 295361 - energy_dbt_assets - STEP_OUTPUT - Yielded output "fct_hourly_energy_not_null_fct_hourly_energy_avg_price_eur_mwh" of type "Any". (Type check passed).
[32m2026-10-03 12:58:10 +0300[0m - dagster - [34mDEBUG[0m - __ASSET_JOB - 9fedd51a-0bbe-46ee-b889-d1db4034e9f3 - 295361 - energy_dbt_assets - ASSET_CHECK_EVALUATION - Asset check 'not_null_fct_hourly_energy_avg_price_eur_mwh' on 'fct_hourly_energy' passed.
[32m2026-10-03 12:58:10 +0300[0m - dagster - [34mDEBUG[0m - __ASSET_JOB - 9fedd51a-0bbe-46ee-b889-d1db4034e9f3 - 295361 - energy_dbt_assets - STEP_OUTPUT - Yielded output "fct_hourly_energy_not_null_fct_hourly_energy_hour" of type "Any". (Type check passed).
[32m2026-10-03 12:58:10 +0300[0m - dagster - [34mDEBUG[0m - __ASSET_JOB - 9fedd51a-0bbe-46ee-b889-d1db4034e9f3 - 295361 - energy_dbt_assets - ASSET_CHECK_EVALUATION - Asset check 'not_null_fct_hourly_energy_hour' on 'fct_hourly_energy' passed.
[32m2026-10-03 12:58:10 +0300[0m - dagster - [34mDEBUG[0m - __ASSET_JOB - 9fedd51a-0bbe-46ee-b889-d1db4034e9f3 - 295361 - energy_dbt_assets - STEP_OUTPUT - Yielded output "fct_hourly_energy_unique_fct_hourly_energy_hour" of type "Any". (Type check passed).
[32m2026-10-03 12:58:10 +0300[0m - dagster - [34mDEBUG[0m - __ASSET_JOB - 9fedd51a-0bbe-46ee-b889-d1db4034e9f3 - 295361 - energy_dbt_assets - ASSET_CHECK_EVALUATION - Asset check 'unique_fct_hourly_energy_hour' on 'fct_hourly_energy' passed.
[32m2026-10-03 12:58:10 +0300[0m - dagster - [34mINFO[0m - __ASSET_JOB - 9fedd51a-0bbe-46ee-b889-d1db4034e9f3 - energy_dbt_assets - Finished dbt command: `dbt build --select fqn:*`.
[32m2026-10-03 12:58:10 +0300[0m - dagster - [34mDEBUG[0m - __ASSET_JOB - 9fedd51a-0bbe-46ee-b889-d1db4034e9f3 - 295361 - energy_dbt_assets - STEP_SUCCESS - Finished execution of step "energy_dbt_assets" in 15.85s.
